// Jest Snapshot v1, https://goo.gl/fbAQLP

exports[`#createClient snapshots client.photos.curated 1`] = `
Object {
  "next_page": null,
  "page": 1,
  "per_page": 15,
  "photos": Array [
    Object {
      "height": null,
      "id": null,
      "liked": false,
      "photographer": null,
      "photographer_id": null,
      "photographer_url": null,
      "src": Object {
        "landscape": null,
        "large": null,
        "large2x": null,
        "medium": null,
        "original": null,
        "portrait": null,
        "small": null,
        "tiny": null,
      },
      "url": null,
      "width": null,
    },
    Object {
      "height": null,
      "id": null,
      "liked": false,
      "photographer": null,
      "photographer_id": null,
      "photographer_url": null,
      "src": Object {
        "landscape": null,
        "large": null,
        "large2x": null,
        "medium": null,
        "original": null,
        "portrait": null,
        "small": null,
        "tiny": null,
      },
      "url": null,
      "width": null,
    },
    Object {
      "height": null,
      "id": null,
      "liked": false,
      "photographer": null,
      "photographer_id": null,
      "photographer_url": null,
      "src": Object {
        "landscape": null,
        "large": null,
        "large2x": null,
        "medium": null,
        "original": null,
        "portrait": null,
        "small": null,
        "tiny": null,
      },
      "url": null,
      "width": null,
    },
    Object {
      "height": null,
      "id": null,
      "liked": false,
      "photographer": null,
      "photographer_id": null,
      "photographer_url": null,
      "src": Object {
        "landscape": null,
        "large": null,
        "large2x": null,
        "medium": null,
        "original": null,
        "portrait": null,
        "small": null,
        "tiny": null,
      },
      "url": null,
      "width": null,
    },
    Object {
      "height": null,
      "id": null,
      "liked": false,
      "photographer": null,
      "photographer_id": null,
      "photographer_url": null,
      "src": Object {
        "landscape": null,
        "large": null,
        "large2x": null,
        "medium": null,
        "original": null,
        "portrait": null,
        "small": null,
        "tiny": null,
      },
      "url": null,
      "width": null,
    },
    Object {
      "height": null,
      "id": null,
      "liked": false,
      "photographer": null,
      "photographer_id": null,
      "photographer_url": null,
      "src": Object {
        "landscape": null,
        "large": null,
        "large2x": null,
        "medium": null,
        "original": null,
        "portrait": null,
        "small": null,
        "tiny": null,
      },
      "url": null,
      "width": null,
    },
    Object {
      "height": null,
      "id": null,
      "liked": false,
      "photographer": null,
      "photographer_id": null,
      "photographer_url": null,
      "src": Object {
        "landscape": null,
        "large": null,
        "large2x": null,
        "medium": null,
        "original": null,
        "portrait": null,
        "small": null,
        "tiny": null,
      },
      "url": null,
      "width": null,
    },
    Object {
      "height": null,
      "id": null,
      "liked": false,
      "photographer": null,
      "photographer_id": null,
      "photographer_url": null,
      "src": Object {
        "landscape": null,
        "large": null,
        "large2x": null,
        "medium": null,
        "original": null,
        "portrait": null,
        "small": null,
        "tiny": null,
      },
      "url": null,
      "width": null,
    },
    Object {
      "height": null,
      "id": null,
      "liked": null,
      "photographer": null,
      "photographer_id": null,
      "photographer_url": null,
      "src": Object {
        "landscape": null,
        "large": null,
        "large2x": null,
        "medium": null,
        "original": null,
        "portrait": null,
        "small": null,
        "tiny": null,
      },
      "url": null,
      "width": null,
    },
    Object {
      "height": null,
      "id": null,
      "liked": false,
      "photographer": null,
      "photographer_id": null,
      "photographer_url": null,
      "src": Object {
        "landscape": null,
        "large": null,
        "large2x": null,
        "medium": null,
        "original": null,
        "portrait": null,
        "small": null,
        "tiny": null,
      },
      "url": null,
      "width": null,
    },
    Object {
      "height": null,
      "id": null,
      "liked": false,
      "photographer": null,
      "photographer_id": null,
      "photographer_url": null,
      "src": Object {
        "landscape": null,
        "large": null,
        "large2x": null,
        "medium": null,
        "original": null,
        "portrait": null,
        "small": null,
        "tiny": null,
      },
      "url": null,
      "width": null,
    },
    Object {
      "height": null,
      "id": null,
      "liked": false,
      "photographer": null,
      "photographer_id": null,
      "photographer_url": null,
      "src": Object {
        "landscape": null,
        "large": null,
        "large2x": null,
        "medium": null,
        "original": null,
        "portrait": null,
        "small": null,
        "tiny": null,
      },
      "url": null,
      "width": null,
    },
    Object {
      "height": null,
      "id": null,
      "liked": null,
      "photographer": null,
      "photographer_id": null,
      "photographer_url": null,
      "src": Object {
        "landscape": null,
        "large": null,
        "large2x": null,
        "medium": null,
        "original": null,
        "portrait": null,
        "small": null,
        "tiny": null,
      },
      "url": null,
      "width": null,
    },
    Object {
      "height": null,
      "id": null,
      "liked": false,
      "photographer": null,
      "photographer_id": null,
      "photographer_url": null,
      "src": Object {
        "landscape": null,
        "large": null,
        "large2x": null,
        "medium": null,
        "original": null,
        "portrait": null,
        "small": null,
        "tiny": null,
      },
      "url": null,
      "width": null,
    },
    Object {
      "height": null,
      "id": null,
      "liked": false,
      "photographer": null,
      "photographer_id": null,
      "photographer_url": null,
      "src": Object {
        "landscape": null,
        "large": null,
        "large2x": null,
        "medium": null,
        "original": null,
        "portrait": null,
        "small": null,
        "tiny": null,
      },
      "url": null,
      "width": null,
    },
  ],
}
`;

exports[`#createClient snapshots client.photos.curated 2`] = `
Object {
  "next_page": null,
  "page": 1,
  "per_page": 10,
  "photos": Array [
    Object {
      "height": null,
      "id": null,
      "liked": false,
      "photographer": null,
      "photographer_id": null,
      "photographer_url": null,
      "src": Object {
        "landscape": null,
        "large": null,
        "large2x": null,
        "medium": null,
        "original": null,
        "portrait": null,
        "small": null,
        "tiny": null,
      },
      "url": null,
      "width": null,
    },
    Object {
      "height": null,
      "id": null,
      "liked": false,
      "photographer": null,
      "photographer_id": null,
      "photographer_url": null,
      "src": Object {
        "landscape": null,
        "large": null,
        "large2x": null,
        "medium": null,
        "original": null,
        "portrait": null,
        "small": null,
        "tiny": null,
      },
      "url": null,
      "width": null,
    },
    Object {
      "height": null,
      "id": null,
      "liked": false,
      "photographer": null,
      "photographer_id": null,
      "photographer_url": null,
      "src": Object {
        "landscape": null,
        "large": null,
        "large2x": null,
        "medium": null,
        "original": null,
        "portrait": null,
        "small": null,
        "tiny": null,
      },
      "url": null,
      "width": null,
    },
    Object {
      "height": null,
      "id": null,
      "liked": false,
      "photographer": null,
      "photographer_id": null,
      "photographer_url": null,
      "src": Object {
        "landscape": null,
        "large": null,
        "large2x": null,
        "medium": null,
        "original": null,
        "portrait": null,
        "small": null,
        "tiny": null,
      },
      "url": null,
      "width": null,
    },
    Object {
      "height": null,
      "id": null,
      "liked": false,
      "photographer": null,
      "photographer_id": null,
      "photographer_url": null,
      "src": Object {
        "landscape": null,
        "large": null,
        "large2x": null,
        "medium": null,
        "original": null,
        "portrait": null,
        "small": null,
        "tiny": null,
      },
      "url": null,
      "width": null,
    },
    Object {
      "height": null,
      "id": null,
      "liked": false,
      "photographer": null,
      "photographer_id": null,
      "photographer_url": null,
      "src": Object {
        "landscape": null,
        "large": null,
        "large2x": null,
        "medium": null,
        "original": null,
        "portrait": null,
        "small": null,
        "tiny": null,
      },
      "url": null,
      "width": null,
    },
    Object {
      "height": null,
      "id": null,
      "liked": false,
      "photographer": null,
      "photographer_id": null,
      "photographer_url": null,
      "src": Object {
        "landscape": null,
        "large": null,
        "large2x": null,
        "medium": null,
        "original": null,
        "portrait": null,
        "small": null,
        "tiny": null,
      },
      "url": null,
      "width": null,
    },
    Object {
      "height": null,
      "id": null,
      "liked": false,
      "photographer": null,
      "photographer_id": null,
      "photographer_url": null,
      "src": Object {
        "landscape": null,
        "large": null,
        "large2x": null,
        "medium": null,
        "original": null,
        "portrait": null,
        "small": null,
        "tiny": null,
      },
      "url": null,
      "width": null,
    },
    Object {
      "height": null,
      "id": null,
      "liked": null,
      "photographer": null,
      "photographer_id": null,
      "photographer_url": null,
      "src": Object {
        "landscape": null,
        "large": null,
        "large2x": null,
        "medium": null,
        "original": null,
        "portrait": null,
        "small": null,
        "tiny": null,
      },
      "url": null,
      "width": null,
    },
    Object {
      "height": null,
      "id": null,
      "liked": false,
      "photographer": null,
      "photographer_id": null,
      "photographer_url": null,
      "src": Object {
        "landscape": null,
        "large": null,
        "large2x": null,
        "medium": null,
        "original": null,
        "portrait": null,
        "small": null,
        "tiny": null,
      },
      "url": null,
      "width": null,
    },
  ],
}
`;

exports[`#createClient snapshots client.photos.search 1`] = `
Object {
  "next_page": null,
  "page": 1,
  "per_page": 15,
  "photos": Array [
    Object {
      "height": null,
      "id": null,
      "liked": false,
      "photographer": null,
      "photographer_id": null,
      "photographer_url": null,
      "src": Object {
        "landscape": null,
        "large": null,
        "large2x": null,
        "medium": null,
        "original": null,
        "portrait": null,
        "small": null,
        "tiny": null,
      },
      "url": null,
      "width": null,
    },
    Object {
      "height": null,
      "id": null,
      "liked": false,
      "photographer": null,
      "photographer_id": null,
      "photographer_url": null,
      "src": Object {
        "landscape": null,
        "large": null,
        "large2x": null,
        "medium": null,
        "original": null,
        "portrait": null,
        "small": null,
        "tiny": null,
      },
      "url": null,
      "width": null,
    },
    Object {
      "height": null,
      "id": null,
      "liked": false,
      "photographer": null,
      "photographer_id": null,
      "photographer_url": null,
      "src": Object {
        "landscape": null,
        "large": null,
        "large2x": null,
        "medium": null,
        "original": null,
        "portrait": null,
        "small": null,
        "tiny": null,
      },
      "url": null,
      "width": null,
    },
    Object {
      "height": null,
      "id": null,
      "liked": false,
      "photographer": null,
      "photographer_id": null,
      "photographer_url": null,
      "src": Object {
        "landscape": null,
        "large": null,
        "large2x": null,
        "medium": null,
        "original": null,
        "portrait": null,
        "small": null,
        "tiny": null,
      },
      "url": null,
      "width": null,
    },
    Object {
      "height": null,
      "id": null,
      "liked": false,
      "photographer": null,
      "photographer_id": null,
      "photographer_url": null,
      "src": Object {
        "landscape": null,
        "large": null,
        "large2x": null,
        "medium": null,
        "original": null,
        "portrait": null,
        "small": null,
        "tiny": null,
      },
      "url": null,
      "width": null,
    },
    Object {
      "height": null,
      "id": null,
      "liked": false,
      "photographer": null,
      "photographer_id": null,
      "photographer_url": null,
      "src": Object {
        "landscape": null,
        "large": null,
        "large2x": null,
        "medium": null,
        "original": null,
        "portrait": null,
        "small": null,
        "tiny": null,
      },
      "url": null,
      "width": null,
    },
    Object {
      "height": null,
      "id": null,
      "liked": false,
      "photographer": null,
      "photographer_id": null,
      "photographer_url": null,
      "src": Object {
        "landscape": null,
        "large": null,
        "large2x": null,
        "medium": null,
        "original": null,
        "portrait": null,
        "small": null,
        "tiny": null,
      },
      "url": null,
      "width": null,
    },
    Object {
      "height": null,
      "id": null,
      "liked": false,
      "photographer": null,
      "photographer_id": null,
      "photographer_url": null,
      "src": Object {
        "landscape": null,
        "large": null,
        "large2x": null,
        "medium": null,
        "original": null,
        "portrait": null,
        "small": null,
        "tiny": null,
      },
      "url": null,
      "width": null,
    },
    Object {
      "height": null,
      "id": null,
      "liked": false,
      "photographer": null,
      "photographer_id": null,
      "photographer_url": null,
      "src": Object {
        "landscape": null,
        "large": null,
        "large2x": null,
        "medium": null,
        "original": null,
        "portrait": null,
        "small": null,
        "tiny": null,
      },
      "url": null,
      "width": null,
    },
    Object {
      "height": null,
      "id": null,
      "liked": false,
      "photographer": null,
      "photographer_id": null,
      "photographer_url": null,
      "src": Object {
        "landscape": null,
        "large": null,
        "large2x": null,
        "medium": null,
        "original": null,
        "portrait": null,
        "small": null,
        "tiny": null,
      },
      "url": null,
      "width": null,
    },
    Object {
      "height": null,
      "id": null,
      "liked": false,
      "photographer": null,
      "photographer_id": null,
      "photographer_url": null,
      "src": Object {
        "landscape": null,
        "large": null,
        "large2x": null,
        "medium": null,
        "original": null,
        "portrait": null,
        "small": null,
        "tiny": null,
      },
      "url": null,
      "width": null,
    },
    Object {
      "height": null,
      "id": null,
      "liked": false,
      "photographer": null,
      "photographer_id": null,
      "photographer_url": null,
      "src": Object {
        "landscape": null,
        "large": null,
        "large2x": null,
        "medium": null,
        "original": null,
        "portrait": null,
        "small": null,
        "tiny": null,
      },
      "url": null,
      "width": null,
    },
    Object {
      "height": null,
      "id": null,
      "liked": false,
      "photographer": null,
      "photographer_id": null,
      "photographer_url": null,
      "src": Object {
        "landscape": null,
        "large": null,
        "large2x": null,
        "medium": null,
        "original": null,
        "portrait": null,
        "small": null,
        "tiny": null,
      },
      "url": null,
      "width": null,
    },
    Object {
      "height": null,
      "id": null,
      "liked": false,
      "photographer": null,
      "photographer_id": null,
      "photographer_url": null,
      "src": Object {
        "landscape": null,
        "large": null,
        "large2x": null,
        "medium": null,
        "original": null,
        "portrait": null,
        "small": null,
        "tiny": null,
      },
      "url": null,
      "width": null,
    },
    Object {
      "height": null,
      "id": null,
      "liked": false,
      "photographer": null,
      "photographer_id": null,
      "photographer_url": null,
      "src": Object {
        "landscape": null,
        "large": null,
        "large2x": null,
        "medium": null,
        "original": null,
        "portrait": null,
        "small": null,
        "tiny": null,
      },
      "url": null,
      "width": null,
    },
  ],
  "total_results": null,
}
`;

exports[`#createClient snapshots client.photos.search 2`] = `
Object {
  "next_page": null,
  "page": 1,
  "per_page": 4,
  "photos": Array [
    Object {
      "height": null,
      "id": null,
      "liked": false,
      "photographer": null,
      "photographer_id": null,
      "photographer_url": null,
      "src": Object {
        "landscape": null,
        "large": null,
        "large2x": null,
        "medium": null,
        "original": null,
        "portrait": null,
        "small": null,
        "tiny": null,
      },
      "url": null,
      "width": null,
    },
    Object {
      "height": null,
      "id": null,
      "liked": false,
      "photographer": null,
      "photographer_id": null,
      "photographer_url": null,
      "src": Object {
        "landscape": null,
        "large": null,
        "large2x": null,
        "medium": null,
        "original": null,
        "portrait": null,
        "small": null,
        "tiny": null,
      },
      "url": null,
      "width": null,
    },
    Object {
      "height": null,
      "id": null,
      "liked": false,
      "photographer": null,
      "photographer_id": null,
      "photographer_url": null,
      "src": Object {
        "landscape": null,
        "large": null,
        "large2x": null,
        "medium": null,
        "original": null,
        "portrait": null,
        "small": null,
        "tiny": null,
      },
      "url": null,
      "width": null,
    },
    Object {
      "height": null,
      "id": null,
      "liked": false,
      "photographer": null,
      "photographer_id": null,
      "photographer_url": null,
      "src": Object {
        "landscape": null,
        "large": null,
        "large2x": null,
        "medium": null,
        "original": null,
        "portrait": null,
        "small": null,
        "tiny": null,
      },
      "url": null,
      "width": null,
    },
  ],
  "total_results": null,
}
`;
